[debug] [2026-05-15T00:14:08.461Z] ----------------------------------------------------------------------
[debug] [2026-05-15T00:14:08.473Z] Command:       C:\Program Files\nodejs\node.exe C:\Users\Hitalo\AppData\Roaming\npm\node_modules\firebase-tools\lib\bin\firebase.js init hosting
[debug] [2026-05-15T00:14:08.480Z] CLI Version:   15.18.0
[debug] [2026-05-15T00:14:08.481Z] Platform:      win32
[debug] [2026-05-15T00:14:08.481Z] Node Version:  v24.14.0
[debug] [2026-05-15T00:14:08.482Z] Time:          Thu May 14 2026 21:14:08 GMT-0300 (Horário Padrão de Brasília)
[debug] [2026-05-15T00:14:08.482Z] ----------------------------------------------------------------------
[debug] 
[info] 
     ######## #### ########  ######## ########     ###     ######  ########
     ##        ##  ##     ## ##       ##     ##  ##   ##  ##       ##
     ######    ##  ########  ######   ########  #########  ######  ######
     ##        ##  ##    ##  ##       ##     ## ##     ##       ## ##
     ##       #### ##     ## ######## ########  ##     ##  ######  ########

You're about to initialize a Firebase project in this directory:

  C:\Users\Hitalo\OneDrive\Desktop\Agendamento

[debug] [2026-05-15T12:47:06.608Z] ExitPromptError: User force closed the prompt with SIGINT
    at Interface.sigint (C:\Users\Hitalo\AppData\Roaming\npm\node_modules\firebase-tools\node_modules\@inquirer\core\dist\commonjs\lib\create-prompt.js:101:37)
    at Interface.emit (node:events:508:28)
    at [_ttyWrite] [as _ttyWrite] (node:internal/readline/interface:1327:18)
    at ReadStream.onkeypress (node:internal/readline/interface:284:20)
    at ReadStream.emit (node:events:520:35)
    at emitKeys (node:internal/readline/utils:371:14)
    at emitKeys.next (<anonymous>)
    at ReadStream.onData (node:internal/readline/emitKeypressEvents:64:36)
    at ReadStream.emit (node:events:508:28)
    at addChunk (node:internal/streams/readable:563:12)
[error] 
[error] Error: An unexpected error has occurred.
