[debug] [2026-05-16T12:18:46.328Z] [Firebase Plugin] Activating Firebase extension.
[info] [Firebase Plugin] Checked firebase-tools, is up to date!
[debug] [2026-05-16T12:18:49.599Z] [Firebase Plugin] requireAuthWrapper
[debug] [2026-05-16T12:18:49.603Z] > command requires scopes: ["email","openid","https://www.googleapis.com/auth/cloudplatformprojects.readonly","https://www.googleapis.com/auth/firebase","https://www.googleapis.com/auth/cloud-platform"]
[debug] [2026-05-16T12:18:49.604Z] > authorizing via signed-in user (hitalolacerdag@gmail.com)
[debug] [2026-05-16T12:18:49.610Z] Checked if tokens are valid: false, expires at: 1778884678998
[debug] [2026-05-16T12:18:49.611Z] Checked if tokens are valid: false, expires at: 1778884678998
[debug] [2026-05-16T12:18:49.611Z] > refreshing access token with scopes: []
[debug] [2026-05-16T12:18:49.614Z] >>> [apiv2][query] POST https://www.googleapis.com/oauth2/v3/token [none]
[debug] [2026-05-16T12:18:49.614Z] >>> [apiv2][body] POST https://www.googleapis.com/oauth2/v3/token [omitted]
[debug] [2026-05-16T12:18:49.629Z] [Firebase Plugin] VSCode notification server listening on port 40001
[info] [Firebase Plugin] Starting SQL Connect toolkit (version 3.4.6) on port 50001
[info] i  dataconnect: downloading dataconnect-emulator-3.4.6.exe... {"metadata":{"emulator":{"name":"dataconnect"},"message":"downloading dataconnect-emulator-3.4.6.exe..."}}
[debug] [2026-05-16T12:18:50.931Z] >>> [apiv2][query] GET https://storage.googleapis.com/firemat-preview-drop/emulator/dataconnect-emulator-windows-amd64-v3.4.6 
[debug] [2026-05-16T12:18:51.081Z] <<< [apiv2][status] POST https://www.googleapis.com/oauth2/v3/token 200
[debug] [2026-05-16T12:18:51.082Z] <<< [apiv2][body] POST https://www.googleapis.com/oauth2/v3/token [omitted]
[debug] [2026-05-16T12:18:51.151Z] [Firebase Plugin] User found:  hitalolacerdag@gmail.com
[info] [Firebase Plugin] (Core:Project) New user detected, fetching projects
[debug] [2026-05-16T12:18:51.154Z] Checked if tokens are valid: true, expires at: 1778937530083
[debug] [2026-05-16T12:18:51.155Z] >>> [apiv2][query] GET https://firebase.googleapis.com/v1beta1/projects pageSize=1000
[debug] [2026-05-16T12:18:52.172Z] <<< [apiv2][status] GET https://storage.googleapis.com/firemat-preview-drop/emulator/dataconnect-emulator-windows-amd64-v3.4.6 200
[debug] [2026-05-16T12:18:52.173Z] <<< [apiv2][body] GET https://storage.googleapis.com/firemat-preview-drop/emulator/dataconnect-emulator-windows-amd64-v3.4.6 [stream]
[debug] [2026-05-16T12:18:53.490Z] <<< [apiv2][status] GET https://firebase.googleapis.com/v1beta1/projects 200
[debug] [2026-05-16T12:18:53.490Z] <<< [apiv2][body] GET https://firebase.googleapis.com/v1beta1/projects [omitted]
[debug] [2026-05-16T12:18:54.615Z] 'fdc build' failed with error: Unable to build your SQL Connect schema and connectors (exit code 1): E0516 09:18:54.594380   36140 cmd.go:43] Error loading data connect config: could not find dataconnect.yaml in `c:\Users\Hitalo\OneDrive\Desktop\Agendamento\dataconnect`
 {"metadata":{"emulator":{"name":"dataconnect"},"message":"'fdc build' failed with error: Unable to build your SQL Connect schema and connectors (exit code 1): E0516 09:18:54.594380   36140 cmd.go:43] Error loading data connect config: could not find dataconnect.yaml in `c:\\Users\\Hitalo\\OneDrive\\Desktop\\Agendamento\\dataconnect`\n"}}
[debug] [2026-05-16T12:18:54.616Z] Ignoring unsupported arg: auto_download {"metadata":{"emulator":{"name":"dataconnect"},"message":"Ignoring unsupported arg: auto_download"}}
[debug] [2026-05-16T12:18:54.616Z] Ignoring unsupported arg: port {"metadata":{"emulator":{"name":"dataconnect"},"message":"Ignoring unsupported arg: port"}}
[debug] [2026-05-16T12:18:54.616Z] Starting SQL Connect Emulator with command {"binary":"C:\\Users\\Hitalo\\.cache\\firebase\\emulators\\dataconnect-emulator-3.4.6.exe","args":["--logtostderr","-v=2","dev","--listen=localhost:50001","--config_dir=c:\\Users\\Hitalo\\OneDrive\\Desktop\\Agendamento\\dataconnect","--enable_output_schema_extensions=true","--enable_output_generated_sdk=true"],"optionalArgs":["listen","config_dir","enable_output_schema_extensions","enable_output_generated_sdk"],"joinArgs":true,"shell":false,"port":9399} {"metadata":{"emulator":{"name":"dataconnect"},"message":"Starting SQL Connect Emulator with command {\"binary\":\"C:\\\\Users\\\\Hitalo\\\\.cache\\\\firebase\\\\emulators\\\\dataconnect-emulator-3.4.6.exe\",\"args\":[\"--logtostderr\",\"-v=2\",\"dev\",\"--listen=localhost:50001\",\"--config_dir=c:\\\\Users\\\\Hitalo\\\\OneDrive\\\\Desktop\\\\Agendamento\\\\dataconnect\",\"--enable_output_schema_extensions=true\",\"--enable_output_generated_sdk=true\"],\"optionalArgs\":[\"listen\",\"config_dir\",\"enable_output_schema_extensions\",\"enable_output_generated_sdk\"],\"joinArgs\":true,\"shell\":false,\"port\":9399}"}}
[info] i  dataconnect: SQL Connect Emulator logging to dataconnect-debug.log {"metadata":{"emulator":{"name":"dataconnect"},"message":"SQL Connect Emulator logging to \u001b[1mdataconnect-debug.log\u001b[22m"}}
[debug] [2026-05-16T12:18:54.667Z] E0516 09:18:54.668173   11572 dev.go:83] Failed to load initial config from "c:\\Users\\Hitalo\\OneDrive\\Desktop\\Agendamento\\dataconnect": could not find dataconnect.yaml in `c:\Users\Hitalo\OneDrive\Desktop\Agendamento\dataconnect`
 {"metadata":{"emulator":{"name":"dataconnect"},"message":"E0516 09:18:54.668173   11572 dev.go:83] Failed to load initial config from \"c:\\\\Users\\\\Hitalo\\\\OneDrive\\\\Desktop\\\\Agendamento\\\\dataconnect\": could not find dataconnect.yaml in `c:\\Users\\Hitalo\\OneDrive\\Desktop\\Agendamento\\dataconnect`\n"}}
[debug] [2026-05-16T12:18:54.669Z] E0516 09:18:54.677095   11572 watch.go:116] watchAllDir unable to walk dir `c:\Users\Hitalo\OneDrive\Desktop\Agendamento\dataconnect`: GetFileAttributesEx c:\Users\Hitalo\OneDrive\Desktop\Agendamento\dataconnect: O sistema não pode encontrar o arquivo especificado.
 {"metadata":{"emulator":{"name":"dataconnect"},"message":"E0516 09:18:54.677095   11572 watch.go:116] watchAllDir unable to walk dir `c:\\Users\\Hitalo\\OneDrive\\Desktop\\Agendamento\\dataconnect`: GetFileAttributesEx c:\\Users\\Hitalo\\OneDrive\\Desktop\\Agendamento\\dataconnect: O sistema não pode encontrar o arquivo especificado.\n"}}
[debug] [2026-05-16T12:18:54.680Z] I0516 09:18:54.689149   11572 dev.go:104] Listening on address (HTTP + gRPC): 127.0.0.1:50001
 {"metadata":{"emulator":{"name":"dataconnect"},"message":"I0516 09:18:54.689149   11572 dev.go:104] Listening on address (HTTP + gRPC): 127.0.0.1:50001\n"}}
[error] [Firebase Plugin] error:  {}
[debug] [2026-05-16T12:19:04.672Z] E0516 09:19:04.683007   11572 watch.go:40] Failed to load config from "c:\\Users\\Hitalo\\OneDrive\\Desktop\\Agendamento\\dataconnect": could not find dataconnect.yaml in `c:\Users\Hitalo\OneDrive\Desktop\Agendamento\dataconnect`
 {"metadata":{"emulator":{"name":"dataconnect"},"message":"E0516 09:19:04.683007   11572 watch.go:40] Failed to load config from \"c:\\\\Users\\\\Hitalo\\\\OneDrive\\\\Desktop\\\\Agendamento\\\\dataconnect\": could not find dataconnect.yaml in `c:\\Users\\Hitalo\\OneDrive\\Desktop\\Agendamento\\dataconnect`\n"}}
[debug] [2026-05-16T12:19:14.682Z] E0516 09:19:14.683221   11572 watch.go:40] Failed to load config from "c:\\Users\\Hitalo\\OneDrive\\Desktop\\Agendamento\\dataconnect": could not find dataconnect.yaml in `c:\Users\Hitalo\OneDrive\Desktop\Agendamento\dataconnect`
 {"metadata":{"emulator":{"name":"dataconnect"},"message":"E0516 09:19:14.683221   11572 watch.go:40] Failed to load config from \"c:\\\\Users\\\\Hitalo\\\\OneDrive\\\\Desktop\\\\Agendamento\\\\dataconnect\": could not find dataconnect.yaml in `c:\\Users\\Hitalo\\OneDrive\\Desktop\\Agendamento\\dataconnect`\n"}}
[debug] [2026-05-16T12:19:24.687Z] E0516 09:19:24.691047   11572 watch.go:40] Failed to load config from "c:\\Users\\Hitalo\\OneDrive\\Desktop\\Agendamento\\dataconnect": could not find dataconnect.yaml in `c:\Users\Hitalo\OneDrive\Desktop\Agendamento\dataconnect`
 {"metadata":{"emulator":{"name":"dataconnect"},"message":"E0516 09:19:24.691047   11572 watch.go:40] Failed to load config from \"c:\\\\Users\\\\Hitalo\\\\OneDrive\\\\Desktop\\\\Agendamento\\\\dataconnect\": could not find dataconnect.yaml in `c:\\Users\\Hitalo\\OneDrive\\Desktop\\Agendamento\\dataconnect`\n"}}
[debug] [2026-05-16T12:19:34.682Z] E0516 09:19:34.687355   11572 watch.go:40] Failed to load config from "c:\\Users\\Hitalo\\OneDrive\\Desktop\\Agendamento\\dataconnect": could not find dataconnect.yaml in `c:\Users\Hitalo\OneDrive\Desktop\Agendamento\dataconnect`
 {"metadata":{"emulator":{"name":"dataconnect"},"message":"E0516 09:19:34.687355   11572 watch.go:40] Failed to load config from \"c:\\\\Users\\\\Hitalo\\\\OneDrive\\\\Desktop\\\\Agendamento\\\\dataconnect\": could not find dataconnect.yaml in `c:\\Users\\Hitalo\\OneDrive\\Desktop\\Agendamento\\dataconnect`\n"}}
[debug] [2026-05-16T12:19:44.682Z] E0516 09:19:44.689215   11572 watch.go:40] Failed to load config from "c:\\Users\\Hitalo\\OneDrive\\Desktop\\Agendamento\\dataconnect": could not find dataconnect.yaml in `c:\Users\Hitalo\OneDrive\Desktop\Agendamento\dataconnect`
 {"metadata":{"emulator":{"name":"dataconnect"},"message":"E0516 09:19:44.689215   11572 watch.go:40] Failed to load config from \"c:\\\\Users\\\\Hitalo\\\\OneDrive\\\\Desktop\\\\Agendamento\\\\dataconnect\": could not find dataconnect.yaml in `c:\\Users\\Hitalo\\OneDrive\\Desktop\\Agendamento\\dataconnect`\n"}}
[debug] [2026-05-16T12:19:54.688Z] E0516 09:19:54.696810   11572 watch.go:40] Failed to load config from "c:\\Users\\Hitalo\\OneDrive\\Desktop\\Agendamento\\dataconnect": could not find dataconnect.yaml in `c:\Users\Hitalo\OneDrive\Desktop\Agendamento\dataconnect`
 {"metadata":{"emulator":{"name":"dataconnect"},"message":"E0516 09:19:54.696810   11572 watch.go:40] Failed to load config from \"c:\\\\Users\\\\Hitalo\\\\OneDrive\\\\Desktop\\\\Agendamento\\\\dataconnect\": could not find dataconnect.yaml in `c:\\Users\\Hitalo\\OneDrive\\Desktop\\Agendamento\\dataconnect`\n"}}
[debug] [2026-05-16T12:19:54.698Z] E0516 09:19:54.692206   11572 watch.go:116] watchAllDir unable to walk dir `c:\Users\Hitalo\OneDrive\Desktop\Agendamento\dataconnect`: GetFileAttributesEx c:\Users\Hitalo\OneDrive\Desktop\Agendamento\dataconnect: O sistema não pode encontrar o arquivo especificado.
 {"metadata":{"emulator":{"name":"dataconnect"},"message":"E0516 09:19:54.692206   11572 watch.go:116] watchAllDir unable to walk dir `c:\\Users\\Hitalo\\OneDrive\\Desktop\\Agendamento\\dataconnect`: GetFileAttributesEx c:\\Users\\Hitalo\\OneDrive\\Desktop\\Agendamento\\dataconnect: O sistema não pode encontrar o arquivo especificado.\n"}}
[debug] [2026-05-16T12:20:04.682Z] E0516 09:20:04.694158   11572 watch.go:40] Failed to load config from "c:\\Users\\Hitalo\\OneDrive\\Desktop\\Agendamento\\dataconnect": could not find dataconnect.yaml in `c:\Users\Hitalo\OneDrive\Desktop\Agendamento\dataconnect`
 {"metadata":{"emulator":{"name":"dataconnect"},"message":"E0516 09:20:04.694158   11572 watch.go:40] Failed to load config from \"c:\\\\Users\\\\Hitalo\\\\OneDrive\\\\Desktop\\\\Agendamento\\\\dataconnect\": could not find dataconnect.yaml in `c:\\Users\\Hitalo\\OneDrive\\Desktop\\Agendamento\\dataconnect`\n"}}
[info] [Firebase Plugin] Stopping SQL Connect toolkit
[debug] [2026-05-16T12:20:17.023Z] E0516 09:20:14.696739   11572 watch.go:40] Failed to load config from "c:\\Users\\Hitalo\\OneDrive\\Desktop\\Agendamento\\dataconnect": could not find dataconnect.yaml in `c:\Users\Hitalo\OneDrive\Desktop\Agendamento\dataconnect`
 {"metadata":{"emulator":{"name":"dataconnect"},"message":"E0516 09:20:14.696739   11572 watch.go:40] Failed to load config from \"c:\\\\Users\\\\Hitalo\\\\OneDrive\\\\Desktop\\\\Agendamento\\\\dataconnect\": could not find dataconnect.yaml in `c:\\Users\\Hitalo\\OneDrive\\Desktop\\Agendamento\\dataconnect`\n"}}
